Testing Registration...
Register Status: 400
Register Response: {"username":["A user with that username already exists."]}

Testing Login...
Login Status: 200

Testing Dashboard Data...
Dashboard Data Status: 200
Dashboard Data: {'monthly_spending': 0, 'category_data': []}

Testing Chat...
Chat Status: 200
Chat Response: {"response":"I can't process that right now. Please configure the Groq API key."}
